Archive member included because of file (symbol)

e:/imt/sdk/imt_sdk_win_64/winavr/bin/../lib/gcc/avr/4.3.3/avr5\libgcc.a(_exit.o)
                              e:/imt/sdk/imt_sdk_win_64/winavr/bin/../lib/gcc/avr/4.3.3/../../../../avr/lib/avr5/crtm32.o (exit)
e:/imt/sdk/imt_sdk_win_64/winavr/bin/../lib/gcc/avr/4.3.3/avr5\libgcc.a(_copy_data.o)
                              ./UserTasks.o (__do_copy_data)
e:/imt/sdk/imt_sdk_win_64/winavr/bin/../lib/gcc/avr/4.3.3/avr5\libgcc.a(_clear_bss.o)
                              ./UserTasks.o (__do_clear_bss)
e:/imt/sdk/imt_sdk_win_64/winavr/bin/../lib/gcc/avr/4.3.3/../../../../avr/lib/avr5\libc.a(memcpy.o)
                              ./queue.o (memcpy)
e:/imt/sdk/imt_sdk_win_64/winavr/bin/../lib/gcc/avr/4.3.3/../../../../avr/lib/avr5\libc.a(memset.o)
                              ./stream_buffer.o (memset)

Memory Configuration

Name             Origin             Length             Attributes
text             0x00000000         0x00020000         xr
data             0x00800060         0x0000ffa0         rw !x
eeprom           0x00810000         0x00010000         rw !x
fuse             0x00820000         0x00000400         rw !x
lock             0x00830000         0x00000400         rw !x
signature        0x00840000         0x00000400         rw !x
*default*        0x00000000         0xffffffff

Linker script and memory map

LOAD e:/imt/sdk/imt_sdk_win_64/winavr/bin/../lib/gcc/avr/4.3.3/../../../../avr/lib/avr5/crtm32.o
LOAD ./DIO.o
LOAD ./PushButton.o
LOAD ./UserTasks.o
LOAD ./croutine.o
LOAD ./event_groups.o
LOAD ./heap_1.o
LOAD ./lcd.o
LOAD ./list.o
LOAD ./main.o
LOAD ./port.o
LOAD ./queue.o
LOAD ./stream_buffer.o
LOAD ./tasks.o
LOAD ./timers.o
LOAD e:/imt/sdk/imt_sdk_win_64/winavr/bin/../lib/gcc/avr/4.3.3/avr5\libgcc.a
LOAD e:/imt/sdk/imt_sdk_win_64/winavr/bin/../lib/gcc/avr/4.3.3/../../../../avr/lib/avr5\libc.a
LOAD e:/imt/sdk/imt_sdk_win_64/winavr/bin/../lib/gcc/avr/4.3.3/avr5\libgcc.a

.hash
 *(.hash)

.dynsym
 *(.dynsym)

.dynstr
 *(.dynstr)

.gnu.version
 *(.gnu.version)

.gnu.version_d
 *(.gnu.version_d)

.gnu.version_r
 *(.gnu.version_r)

.rel.init
 *(.rel.init)

.rela.init
 *(.rela.init)

.rel.text
 *(.rel.text)
 *(.rel.text.*)
 *(.rel.gnu.linkonce.t*)

.rela.text
 *(.rela.text)
 *(.rela.text.*)
 *(.rela.gnu.linkonce.t*)

.rel.fini
 *(.rel.fini)

.rela.fini
 *(.rela.fini)

.rel.rodata
 *(.rel.rodata)
 *(.rel.rodata.*)
 *(.rel.gnu.linkonce.r*)

.rela.rodata
 *(.rela.rodata)
 *(.rela.rodata.*)
 *(.rela.gnu.linkonce.r*)

.rel.data
 *(.rel.data)
 *(.rel.data.*)
 *(.rel.gnu.linkonce.d*)

.rela.data
 *(.rela.data)
 *(.rela.data.*)
 *(.rela.gnu.linkonce.d*)

.rel.ctors
 *(.rel.ctors)

.rela.ctors
 *(.rela.ctors)

.rel.dtors
 *(.rel.dtors)

.rela.dtors
 *(.rela.dtors)

.rel.got
 *(.rel.got)

.rela.got
 *(.rela.got)

.rel.bss
 *(.rel.bss)

.rela.bss
 *(.rela.bss)

.rel.plt
 *(.rel.plt)

.rela.plt
 *(.rela.plt)

.text           0x00000000     0x5448
 *(.vectors)
 .vectors       0x00000000       0x54 e:/imt/sdk/imt_sdk_win_64/winavr/bin/../lib/gcc/avr/4.3.3/../../../../avr/lib/avr5/crtm32.o
                0x00000000                __vectors
                0x00000000                __vector_default
 *(.vectors)
 *(.progmem.gcc*)
 *(.progmem*)
                0x00000054                . = ALIGN (0x2)
                0x00000054                __trampolines_start = .
 *(.trampolines)
 .trampolines   0x00000054        0x0 linker stubs
 *(.trampolines*)
                0x00000054                __trampolines_end = .
 *(.jumptables)
 *(.jumptables*)
 *(.lowtext)
 *(.lowtext*)
                0x00000054                __ctors_start = .
 *(.ctors)
                0x00000054                __ctors_end = .
                0x00000054                __dtors_start = .
 *(.dtors)
                0x00000054                __dtors_end = .
 SORT(*)(.ctors)
 SORT(*)(.dtors)
 *(.init0)
 .init0         0x00000054        0x0 e:/imt/sdk/imt_sdk_win_64/winavr/bin/../lib/gcc/avr/4.3.3/../../../../avr/lib/avr5/crtm32.o
                0x00000054                __init
 *(.init0)
 *(.init1)
 *(.init1)
 *(.init2)
 .init2         0x00000054        0xc e:/imt/sdk/imt_sdk_win_64/winavr/bin/../lib/gcc/avr/4.3.3/../../../../avr/lib/avr5/crtm32.o
 *(.init2)
 *(.init3)
 *(.init3)
 *(.init4)
 .init4         0x00000060       0x16 e:/imt/sdk/imt_sdk_win_64/winavr/bin/../lib/gcc/avr/4.3.3/avr5\libgcc.a(_copy_data.o)
                0x00000060                __do_copy_data
 .init4         0x00000076       0x10 e:/imt/sdk/imt_sdk_win_64/winavr/bin/../lib/gcc/avr/4.3.3/avr5\libgcc.a(_clear_bss.o)
                0x00000076                __do_clear_bss
 *(.init4)
 *(.init5)
 *(.init5)
 *(.init6)
 *(.init6)
 *(.init7)
 *(.init7)
 *(.init8)
 *(.init8)
 *(.init9)
 .init9         0x00000086        0x8 e:/imt/sdk/imt_sdk_win_64/winavr/bin/../lib/gcc/avr/4.3.3/../../../../avr/lib/avr5/crtm32.o
 *(.init9)
 *(.text)
 .text          0x0000008e        0x4 e:/imt/sdk/imt_sdk_win_64/winavr/bin/../lib/gcc/avr/4.3.3/../../../../avr/lib/avr5/crtm32.o
                0x0000008e                __vector_1
                0x0000008e                __vector_12
                0x0000008e                __bad_interrupt
                0x0000008e                __vector_6
                0x0000008e                __vector_3
                0x0000008e                __vector_11
                0x0000008e                __vector_13
                0x0000008e                __vector_17
                0x0000008e                __vector_19
                0x0000008e                __vector_5
                0x0000008e                __vector_4
                0x0000008e                __vector_9
                0x0000008e                __vector_2
                0x0000008e                __vector_15
                0x0000008e                __vector_8
                0x0000008e                __vector_14
                0x0000008e                __vector_10
                0x0000008e                __vector_16
                0x0000008e                __vector_18
                0x0000008e                __vector_20
 .text          0x00000092        0x0 ./DIO.o
 .text          0x00000092        0x0 ./PushButton.o
 .text          0x00000092        0x0 ./UserTasks.o
 .text          0x00000092        0x0 ./croutine.o
 .text          0x00000092        0x0 ./event_groups.o
 .text          0x00000092        0x0 ./heap_1.o
 .text          0x00000092        0x0 ./lcd.o
 .text          0x00000092        0x0 ./list.o
 .text          0x00000092        0x0 ./main.o
 .text          0x00000092        0x0 ./port.o
 .text          0x00000092        0x0 ./queue.o
 .text          0x00000092        0x0 ./stream_buffer.o
 .text          0x00000092        0x0 ./tasks.o
 .text          0x00000092        0x0 ./timers.o
 .text          0x00000092        0x0 e:/imt/sdk/imt_sdk_win_64/winavr/bin/../lib/gcc/avr/4.3.3/avr5\libgcc.a(_exit.o)
 .text          0x00000092        0x0 e:/imt/sdk/imt_sdk_win_64/winavr/bin/../lib/gcc/avr/4.3.3/avr5\libgcc.a(_copy_data.o)
 .text          0x00000092        0x0 e:/imt/sdk/imt_sdk_win_64/winavr/bin/../lib/gcc/avr/4.3.3/avr5\libgcc.a(_clear_bss.o)
 .text          0x00000092        0x0 e:/imt/sdk/imt_sdk_win_64/winavr/bin/../lib/gcc/avr/4.3.3/../../../../avr/lib/avr5\libc.a(memcpy.o)
 .text          0x00000092        0x0 e:/imt/sdk/imt_sdk_win_64/winavr/bin/../lib/gcc/avr/4.3.3/../../../../avr/lib/avr5\libc.a(memset.o)
                0x00000092                . = ALIGN (0x2)
 *(.text.*)
 .text.DIO_WritePin
                0x00000092      0x1de ./DIO.o
                0x00000092                DIO_WritePin
 .text.DIO_ReadPin
                0x00000270       0xe4 ./DIO.o
                0x00000270                DIO_ReadPin
 .text.DIO_SetPinDirection
                0x00000354      0x1de ./DIO.o
                0x00000354                DIO_SetPinDirection
 .text.PushButton_Init
                0x00000532       0x1e ./PushButton.o
                0x00000532                PushButton_Init
 .text.Buttons_getPressedButton
                0x00000550       0x36 ./PushButton.o
                0x00000550                Buttons_getPressedButton
 .text.init_Task
                0x00000586       0xc6 ./UserTasks.o
                0x00000586                init_Task
 .text.All_Hardware_Init_Task
                0x0000064c       0x24 ./UserTasks.o
                0x0000064c                All_Hardware_Init_Task
 .text.PushButton_Task
                0x00000670       0xd4 ./UserTasks.o
                0x00000670                PushButton_Task
 .text.LCD_Task
                0x00000744      0x230 ./UserTasks.o
                0x00000744                LCD_Task
 .text.SendHallo_Task
                0x00000974       0x38 ./UserTasks.o
                0x00000974                SendHallo_Task
 .text.xEventGroupCreate
                0x000009ac       0x3e ./event_groups.o
                0x000009ac                xEventGroupCreate
 .text.xEventGroupSync
                0x000009ea      0x172 ./event_groups.o
                0x000009ea                xEventGroupSync
 .text.xEventGroupWaitBits
                0x00000b5c      0x18c ./event_groups.o
                0x00000b5c                xEventGroupWaitBits
 .text.xEventGroupClearBits
                0x00000ce8       0x6c ./event_groups.o
                0x00000ce8                xEventGroupClearBits
 .text.xEventGroupGetBitsFromISR
                0x00000d54       0x44 ./event_groups.o
                0x00000d54                xEventGroupGetBitsFromISR
 .text.xEventGroupSetBits
                0x00000d98      0x164 ./event_groups.o
                0x00000d98                xEventGroupSetBits
 .text.vEventGroupDelete
                0x00000efc       0x62 ./event_groups.o
                0x00000efc                vEventGroupDelete
 .text.vEventGroupSetBitsCallback
                0x00000f5e       0x3a ./event_groups.o
                0x00000f5e                vEventGroupSetBitsCallback
 .text.vEventGroupClearBitsCallback
                0x00000f98       0x3a ./event_groups.o
                0x00000f98                vEventGroupClearBitsCallback
 .text.prvTestWaitCondition
                0x00000fd2       0x64 ./event_groups.o
 .text.pvPortMalloc
                0x00001036       0xac ./heap_1.o
                0x00001036                pvPortMalloc
 .text.vPortFree
                0x000010e2       0x18 ./heap_1.o
                0x000010e2                vPortFree
 .text.vPortInitialiseBlocks
                0x000010fa       0x16 ./heap_1.o
                0x000010fa                vPortInitialiseBlocks
 .text.xPortGetFreeHeapSize
                0x00001110       0x1e ./heap_1.o
                0x00001110                xPortGetFreeHeapSize
 .text.LCD_init
                0x0000112e       0x42 ./lcd.o
                0x0000112e                LCD_init
 .text.LCD_sendCommand
                0x00001170       0xda ./lcd.o
                0x00001170                LCD_sendCommand
 .text.LCD_displayCharacter
                0x0000124a       0xda ./lcd.o
                0x0000124a                LCD_displayCharacter
 .text.LCD_displayString
                0x00001324       0x52 ./lcd.o
                0x00001324                LCD_displayString
 .text.LCD_goToRowColumn
                0x00001376       0x84 ./lcd.o
                0x00001376                LCD_goToRowColumn
 .text.LCD_displayStringRowColumn
                0x000013fa       0x32 ./lcd.o
                0x000013fa                LCD_displayStringRowColumn
 .text.LCD_clearScreen
                0x0000142c       0x14 ./lcd.o
                0x0000142c                LCD_clearScreen
 .text.vListInitialise
                0x00001440       0x54 ./list.o
                0x00001440                vListInitialise
 .text.vListInitialiseItem
                0x00001494       0x20 ./list.o
                0x00001494                vListInitialiseItem
 .text.vListInsertEnd
                0x000014b4       0x88 ./list.o
                0x000014b4                vListInsertEnd
 .text.vListInsert
                0x0000153c       0xd8 ./list.o
                0x0000153c                vListInsert
 .text.uxListRemove
                0x00001614       0x98 ./list.o
                0x00001614                uxListRemove
 .text.main     0x000016ac       0x32 ./main.o
                0x000016ac                main
 .text.pxPortInitialiseStack
                0x000016de      0x306 ./port.o
                0x000016de                pxPortInitialiseStack
 .text.xPortStartScheduler
                0x000019e4       0x6a ./port.o
                0x000019e4                xPortStartScheduler
 .text.vPortEndScheduler
                0x00001a4e        0xe ./port.o
                0x00001a4e                vPortEndScheduler
 .text.vPortYield
                0x00001a5c       0xb2 ./port.o
                0x00001a5c                vPortYield
 .text.vPortYieldFromTick
                0x00001b0e       0xba ./port.o
                0x00001b0e                vPortYieldFromTick
 .text.prvSetupTimerInterrupt
                0x00001bc8       0xb8 ./port.o
 .text.__vector_7
                0x00001c80        0x6 ./port.o
                0x00001c80                __vector_7
 .text.xQueueGenericReset
                0x00001c86      0x10c ./queue.o
                0x00001c86                xQueueGenericReset
 .text.xQueueGenericCreate
                0x00001d92       0xa2 ./queue.o
                0x00001d92                xQueueGenericCreate
 .text.prvInitialiseNewQueue
                0x00001e34       0x76 ./queue.o
 .text.xQueueGenericSend
                0x00001eaa      0x158 ./queue.o
                0x00001eaa                xQueueGenericSend
 .text.xQueueGenericSendFromISR
                0x00002002       0xb0 ./queue.o
                0x00002002                xQueueGenericSendFromISR
 .text.xQueueGiveFromISR
                0x000020b2       0xa2 ./queue.o
                0x000020b2                xQueueGiveFromISR
 .text.xQueueReceive
                0x00002154      0x156 ./queue.o
                0x00002154                xQueueReceive
 .text.xQueueSemaphoreTake
                0x000022aa      0x144 ./queue.o
                0x000022aa                xQueueSemaphoreTake
 .text.xQueuePeek
                0x000023ee      0x164 ./queue.o
                0x000023ee                xQueuePeek
 .text.xQueueReceiveFromISR
                0x00002552       0xae ./queue.o
                0x00002552                xQueueReceiveFromISR
 .text.xQueuePeekFromISR
                0x00002600       0x72 ./queue.o
                0x00002600                xQueuePeekFromISR
 .text.uxQueueMessagesWaiting
                0x00002672       0x30 ./queue.o
                0x00002672                uxQueueMessagesWaiting
 .text.uxQueueSpacesAvailable
                0x000026a2       0x4a ./queue.o
                0x000026a2                uxQueueSpacesAvailable
 .text.uxQueueMessagesWaitingFromISR
                0x000026ec       0x34 ./queue.o
                0x000026ec                uxQueueMessagesWaitingFromISR
 .text.vQueueDelete
                0x00002720       0x2e ./queue.o
                0x00002720                vQueueDelete
 .text.prvCopyDataToQueue
                0x0000274e      0x14c ./queue.o
 .text.prvCopyDataFromQueue
                0x0000289a       0x8e ./queue.o
 .text.prvUnlockQueue
                0x00002928       0xa6 ./queue.o
 .text.prvIsQueueEmpty
                0x000029ce       0x3a ./queue.o
 .text.xQueueIsQueueEmptyFromISR
                0x00002a08       0x3e ./queue.o
                0x00002a08                xQueueIsQueueEmptyFromISR
 .text.prvIsQueueFull
                0x00002a46       0x40 ./queue.o
 .text.xQueueIsQueueFullFromISR
                0x00002a86       0x44 ./queue.o
                0x00002a86                xQueueIsQueueFullFromISR
 .text.xStreamBufferGenericCreate
                0x00002aca       0x98 ./stream_buffer.o
                0x00002aca                xStreamBufferGenericCreate
 .text.vStreamBufferDelete
                0x00002b62       0x52 ./stream_buffer.o
                0x00002b62                vStreamBufferDelete
 .text.xStreamBufferReset
                0x00002bb4       0x84 ./stream_buffer.o
                0x00002bb4                xStreamBufferReset
 .text.xStreamBufferSetTriggerLevel
                0x00002c38       0x6e ./stream_buffer.o
                0x00002c38                xStreamBufferSetTriggerLevel
 .text.xStreamBufferSpacesAvailable
                0x00002ca6       0x8c ./stream_buffer.o
                0x00002ca6                xStreamBufferSpacesAvailable
 .text.xStreamBufferBytesAvailable
                0x00002d32       0x3c ./stream_buffer.o
                0x00002d32                xStreamBufferBytesAvailable
 .text.xStreamBufferSend
                0x00002d6e      0x190 ./stream_buffer.o
                0x00002d6e                xStreamBufferSend
 .text.xStreamBufferSendFromISR
                0x00002efe       0xfa ./stream_buffer.o
                0x00002efe                xStreamBufferSendFromISR
 .text.prvWriteMessageToBuffer
                0x00002ff8       0xe4 ./stream_buffer.o
 .text.xStreamBufferReceive
                0x000030dc      0x174 ./stream_buffer.o
                0x000030dc                xStreamBufferReceive
 .text.xStreamBufferNextMessageLengthBytes
                0x00003250       0xa4 ./stream_buffer.o
                0x00003250                xStreamBufferNextMessageLengthBytes
 .text.xStreamBufferReceiveFromISR
                0x000032f4       0xf0 ./stream_buffer.o
                0x000032f4                xStreamBufferReceiveFromISR
 .text.prvReadMessageFromBuffer
                0x000033e4       0xd8 ./stream_buffer.o
 .text.xStreamBufferIsEmpty
                0x000034bc       0x5a ./stream_buffer.o
                0x000034bc                xStreamBufferIsEmpty
 .text.xStreamBufferIsFull
                0x00003516       0x70 ./stream_buffer.o
                0x00003516                xStreamBufferIsFull
 .text.xStreamBufferSendCompletedFromISR
                0x00003586       0x86 ./stream_buffer.o
                0x00003586                xStreamBufferSendCompletedFromISR
 .text.xStreamBufferReceiveCompletedFromISR
                0x0000360c       0x86 ./stream_buffer.o
                0x0000360c                xStreamBufferReceiveCompletedFromISR
 .text.prvWriteBytesToBuffer
                0x00003692      0x11a ./stream_buffer.o
 .text.prvReadBytesFromBuffer
                0x000037ac      0x15a ./stream_buffer.o
 .text.prvBytesInBuffer
                0x00003906       0x74 ./stream_buffer.o
 .text.prvInitialiseNewStreamBuffer
                0x0000397a       0x78 ./stream_buffer.o
 .text.xTaskCreate
                0x000039f2       0xf0 ./tasks.o
                0x000039f2                xTaskCreate
 .text.prvInitialiseNewTask
                0x00003ae2      0x178 ./tasks.o
 .text.prvAddNewTaskToReadyList
                0x00003c5a       0xf0 ./tasks.o
 .text.vTaskDelete
                0x00003d4a       0xe4 ./tasks.o
                0x00003d4a                vTaskDelete
 .text.vTaskDelay
                0x00003e2e       0x44 ./tasks.o
                0x00003e2e                vTaskDelay
 .text.vTaskSuspend
                0x00003e72       0xe8 ./tasks.o
                0x00003e72                vTaskSuspend
 .text.prvTaskIsTaskSuspended
                0x00003f5a       0x5e ./tasks.o
 .text.vTaskResume
                0x00003fb8       0xc8 ./tasks.o
                0x00003fb8                vTaskResume
 .text.xTaskResumeFromISR
                0x00004080       0xcc ./tasks.o
                0x00004080                xTaskResumeFromISR
 .text.vTaskStartScheduler
                0x0000414c       0x64 ./tasks.o
                0x0000414c                vTaskStartScheduler
 .text.vTaskEndScheduler
                0x000041b0       0x18 ./tasks.o
                0x000041b0                vTaskEndScheduler
 .text.vTaskSuspendAll
                0x000041c8       0x18 ./tasks.o
                0x000041c8                vTaskSuspendAll
 .text.xTaskResumeAll
                0x000041e0      0x126 ./tasks.o
                0x000041e0                xTaskResumeAll
 .text.xTaskGetTickCount
                0x00004306       0x2e ./tasks.o
                0x00004306                xTaskGetTickCount
 .text.xTaskGetTickCountFromISR
                0x00004334       0x2a ./tasks.o
                0x00004334                xTaskGetTickCountFromISR
 .text.uxTaskGetNumberOfTasks
                0x0000435e       0x12 ./tasks.o
                0x0000435e                uxTaskGetNumberOfTasks
 .text.pcTaskGetName
                0x00004370       0x50 ./tasks.o
                0x00004370                pcTaskGetName
 .text.xTaskIncrementTick
                0x000043c0      0x1ca ./tasks.o
                0x000043c0                xTaskIncrementTick
 .text.vTaskSwitchContext
                0x0000458a       0xda ./tasks.o
                0x0000458a                vTaskSwitchContext
 .text.vTaskPlaceOnEventList
                0x00004664       0x44 ./tasks.o
                0x00004664                vTaskPlaceOnEventList
 .text.vTaskPlaceOnUnorderedEventList
                0x000046a8       0x60 ./tasks.o
                0x000046a8                vTaskPlaceOnUnorderedEventList
 .text.xTaskRemoveFromEventList
                0x00004708       0xd6 ./tasks.o
                0x00004708                xTaskRemoveFromEventList
 .text.vTaskRemoveFromUnorderedEventList
                0x000047de       0xba ./tasks.o
                0x000047de                vTaskRemoveFromUnorderedEventList
 .text.vTaskSetTimeOutState
                0x00004898       0x3c ./tasks.o
                0x00004898                vTaskSetTimeOutState
 .text.vTaskInternalSetTimeOutState
                0x000048d4       0x32 ./tasks.o
                0x000048d4                vTaskInternalSetTimeOutState
 .text.xTaskCheckForTimeOut
                0x00004906       0xda ./tasks.o
                0x00004906                xTaskCheckForTimeOut
 .text.vTaskMissedYield
                0x000049e0       0x14 ./tasks.o
                0x000049e0                vTaskMissedYield
 .text.prvIdleTask
                0x000049f4       0x14 ./tasks.o
 .text.prvInitialiseTaskLists
                0x00004a08       0x82 ./tasks.o
 .text.prvCheckTasksWaitingTermination
                0x00004a8a       0x5e ./tasks.o
 .text.prvDeleteTCB
                0x00004ae8       0x2c ./tasks.o
 .text.prvResetNextTaskUnblockTime
                0x00004b14       0x56 ./tasks.o
 .text.xTaskGetCurrentTaskHandle
                0x00004b6a       0x24 ./tasks.o
                0x00004b6a                xTaskGetCurrentTaskHandle
 .text.uxTaskResetEventItemValue
                0x00004b8e       0x4e ./tasks.o
                0x00004b8e                uxTaskResetEventItemValue
 .text.ulTaskNotifyTake
                0x00004bdc       0xee ./tasks.o
                0x00004bdc                ulTaskNotifyTake
 .text.xTaskNotifyWait
                0x00004cca      0x138 ./tasks.o
                0x00004cca                xTaskNotifyWait
 .text.xTaskGenericNotify
                0x00004e02      0x1ba ./tasks.o
                0x00004e02                xTaskGenericNotify
 .text.xTaskGenericNotifyFromISR
                0x00004fbc      0x1f0 ./tasks.o
                0x00004fbc                xTaskGenericNotifyFromISR
 .text.vTaskNotifyGiveFromISR
                0x000051ac      0x10c ./tasks.o
                0x000051ac                vTaskNotifyGiveFromISR
 .text.xTaskNotifyStateClear
                0x000052b8       0x74 ./tasks.o
                0x000052b8                xTaskNotifyStateClear
 .text.prvAddCurrentTaskToDelayedList
                0x0000532c       0xf8 ./tasks.o
 .text.libgcc   0x00005424        0x0 e:/imt/sdk/imt_sdk_win_64/winavr/bin/../lib/gcc/avr/4.3.3/avr5\libgcc.a(_exit.o)
 .text.libgcc   0x00005424        0x0 e:/imt/sdk/imt_sdk_win_64/winavr/bin/../lib/gcc/avr/4.3.3/avr5\libgcc.a(_copy_data.o)
 .text.libgcc   0x00005424        0x0 e:/imt/sdk/imt_sdk_win_64/winavr/bin/../lib/gcc/avr/4.3.3/avr5\libgcc.a(_clear_bss.o)
 .text.avr-libc
                0x00005424       0x12 e:/imt/sdk/imt_sdk_win_64/winavr/bin/../lib/gcc/avr/4.3.3/../../../../avr/lib/avr5\libc.a(memcpy.o)
                0x00005424                memcpy
 .text.avr-libc
                0x00005436        0xe e:/imt/sdk/imt_sdk_win_64/winavr/bin/../lib/gcc/avr/4.3.3/../../../../avr/lib/avr5\libc.a(memset.o)
                0x00005436                memset
                0x00005444                . = ALIGN (0x2)
 *(.fini9)
 .fini9         0x00005444        0x0 e:/imt/sdk/imt_sdk_win_64/winavr/bin/../lib/gcc/avr/4.3.3/avr5\libgcc.a(_exit.o)
                0x00005444                exit
                0x00005444                _exit
 *(.fini9)
 *(.fini8)
 *(.fini8)
 *(.fini7)
 *(.fini7)
 *(.fini6)
 *(.fini6)
 *(.fini5)
 *(.fini5)
 *(.fini4)
 *(.fini4)
 *(.fini3)
 *(.fini3)
 *(.fini2)
 *(.fini2)
 *(.fini1)
 *(.fini1)
 *(.fini0)
 .fini0         0x00005444        0x4 e:/imt/sdk/imt_sdk_win_64/winavr/bin/../lib/gcc/avr/4.3.3/avr5\libgcc.a(_exit.o)
 *(.fini0)
                0x00005448                _etext = .

.data           0x00800060       0x72 load address 0x00005448
                0x00800060                PROVIDE (__data_start, .)
 *(.data)
 .data          0x00800060        0x0 e:/imt/sdk/imt_sdk_win_64/winavr/bin/../lib/gcc/avr/4.3.3/../../../../avr/lib/avr5/crtm32.o
 .data          0x00800060        0x0 ./DIO.o
 .data          0x00800060        0x0 ./PushButton.o
 .data          0x00800060       0x62 ./UserTasks.o
 .data          0x008000c2        0x0 ./croutine.o
 .data          0x008000c2        0x0 ./event_groups.o
 .data          0x008000c2        0x0 ./heap_1.o
 .data          0x008000c2        0x0 ./lcd.o
 .data          0x008000c2        0x0 ./list.o
 .data          0x008000c2        0xa ./main.o
 .data          0x008000cc        0x0 ./port.o
 .data          0x008000cc        0x0 ./queue.o
 .data          0x008000cc        0x0 ./stream_buffer.o
 .data          0x008000cc        0x5 ./tasks.o
 .data          0x008000d1        0x0 ./timers.o
 .data          0x008000d1        0x0 e:/imt/sdk/imt_sdk_win_64/winavr/bin/../lib/gcc/avr/4.3.3/avr5\libgcc.a(_exit.o)
 .data          0x008000d1        0x0 e:/imt/sdk/imt_sdk_win_64/winavr/bin/../lib/gcc/avr/4.3.3/avr5\libgcc.a(_copy_data.o)
 .data          0x008000d1        0x0 e:/imt/sdk/imt_sdk_win_64/winavr/bin/../lib/gcc/avr/4.3.3/avr5\libgcc.a(_clear_bss.o)
 .data          0x008000d1        0x0 e:/imt/sdk/imt_sdk_win_64/winavr/bin/../lib/gcc/avr/4.3.3/../../../../avr/lib/avr5\libc.a(memcpy.o)
 .data          0x008000d1        0x0 e:/imt/sdk/imt_sdk_win_64/winavr/bin/../lib/gcc/avr/4.3.3/../../../../avr/lib/avr5\libc.a(memset.o)
 *(.data*)
 *(.rodata)
 *(.rodata*)
 *(.gnu.linkonce.d*)
                0x008000d2                . = ALIGN (0x2)
 *fill*         0x008000d1        0x1 00
                0x008000d2                _edata = .
                0x008000d2                PROVIDE (__data_end, .)

.bss            0x008000d2      0x657
                0x008000d2                PROVIDE (__bss_start, .)
 *(.bss)
 .bss           0x008000d2        0x0 e:/imt/sdk/imt_sdk_win_64/winavr/bin/../lib/gcc/avr/4.3.3/../../../../avr/lib/avr5/crtm32.o
 .bss           0x008000d2        0x0 ./DIO.o
 .bss           0x008000d2        0x0 ./PushButton.o
 .bss           0x008000d2        0x0 ./UserTasks.o
 .bss           0x008000d2        0x0 ./croutine.o
 .bss           0x008000d2        0x0 ./event_groups.o
 .bss           0x008000d2        0x0 ./heap_1.o
 .bss           0x008000d2        0x0 ./lcd.o
 .bss           0x008000d2        0x0 ./list.o
 .bss           0x008000d2        0x0 ./main.o
 .bss           0x008000d2        0x0 ./port.o
 .bss           0x008000d2        0x0 ./queue.o
 .bss           0x008000d2        0x0 ./stream_buffer.o
 .bss           0x008000d2        0x0 ./tasks.o
 .bss           0x008000d2        0x0 ./timers.o
 .bss           0x008000d2        0x0 e:/imt/sdk/imt_sdk_win_64/winavr/bin/../lib/gcc/avr/4.3.3/avr5\libgcc.a(_exit.o)
 .bss           0x008000d2        0x0 e:/imt/sdk/imt_sdk_win_64/winavr/bin/../lib/gcc/avr/4.3.3/avr5\libgcc.a(_copy_data.o)
 .bss           0x008000d2        0x0 e:/imt/sdk/imt_sdk_win_64/winavr/bin/../lib/gcc/avr/4.3.3/avr5\libgcc.a(_clear_bss.o)
 .bss           0x008000d2        0x0 e:/imt/sdk/imt_sdk_win_64/winavr/bin/../lib/gcc/avr/4.3.3/../../../../avr/lib/avr5\libc.a(memcpy.o)
 .bss           0x008000d2        0x0 e:/imt/sdk/imt_sdk_win_64/winavr/bin/../lib/gcc/avr/4.3.3/../../../../avr/lib/avr5\libc.a(memset.o)
 *(.bss*)
 .bss.AllHardwareInit_Flag
                0x008000d2        0x2 ./UserTasks.o
 .bss.InitTask_Flag
                0x008000d4        0x2 ./UserTasks.o
                0x008000d4                InitTask_Flag
 .bss.MessageQueue_PushButton
                0x008000d6        0x2 ./UserTasks.o
 .bss.MessageQueue_Hello
                0x008000d8        0x2 ./UserTasks.o
 .bss.xNextFreeByte
                0x008000da        0x2 ./heap_1.o
 .bss.pucAlignedHeap.1645
                0x008000dc        0x2 ./heap_1.o
 .bss.ucHeap    0x008000de      0x5dc ./heap_1.o
 .bss.pxCurrentTCB
                0x008006ba        0x2 ./tasks.o
                0x008006ba                pxCurrentTCB
 .bss.uxDeletedTasksWaitingCleanUp
                0x008006bc        0x1 ./tasks.o
 .bss.uxCurrentNumberOfTasks
                0x008006bd        0x1 ./tasks.o
 .bss.xTickCount
                0x008006be        0x2 ./tasks.o
 .bss.uxTopReadyPriority
                0x008006c0        0x1 ./tasks.o
 .bss.xSchedulerRunning
                0x008006c1        0x1 ./tasks.o
 .bss.uxPendedTicks
                0x008006c2        0x1 ./tasks.o
 .bss.xYieldPending
                0x008006c3        0x1 ./tasks.o
 .bss.xNumOfOverflows
                0x008006c4        0x1 ./tasks.o
 .bss.uxTaskNumber
                0x008006c5        0x1 ./tasks.o
 .bss.xNextTaskUnblockTime
                0x008006c6        0x2 ./tasks.o
 .bss.xIdleTaskHandle
                0x008006c8        0x2 ./tasks.o
 .bss.uxSchedulerSuspended
                0x008006ca        0x1 ./tasks.o
 .bss.pxReadyTasksLists
                0x008006cb       0x2d ./tasks.o
 .bss.xDelayedTaskList1
                0x008006f8        0x9 ./tasks.o
 .bss.xDelayedTaskList2
                0x00800701        0x9 ./tasks.o
 .bss.pxDelayedTaskList
                0x0080070a        0x2 ./tasks.o
 .bss.pxOverflowDelayedTaskList
                0x0080070c        0x2 ./tasks.o
 .bss.xPendingReadyList
                0x0080070e        0x9 ./tasks.o
 .bss.xTasksWaitingTermination
                0x00800717        0x9 ./tasks.o
 .bss.xSuspendedTaskList
                0x00800720        0x9 ./tasks.o
 *(COMMON)
                0x00800729                PROVIDE (__bss_end, .)
                0x00005448                __data_load_start = LOADADDR (.data)
                0x000054ba                __data_load_end = (__data_load_start + SIZEOF (.data))

.noinit         0x00800729        0x0
                0x00800729                PROVIDE (__noinit_start, .)
 *(.noinit*)
                0x00800729                PROVIDE (__noinit_end, .)
                0x00800729                _end = .
                0x00800729                PROVIDE (__heap_start, .)

.eeprom         0x00810000        0x0
 *(.eeprom*)
                0x00810000                __eeprom_end = .

.fuse
 *(.fuse)
 *(.lfuse)
 *(.hfuse)
 *(.efuse)

.lock
 *(.lock*)

.signature
 *(.signature*)

.stab           0x00000000     0x8cdc
 *(.stab)
 .stab          0x00000000      0x474 ./DIO.o
 .stab          0x00000474      0x1e0 ./PushButton.o
                                0x294 (size before relaxing)
 .stab          0x00000654      0xb40 ./UserTasks.o
                                0xbdc (size before relaxing)
 .stab          0x00001194      0x1bc ./croutine.o
                                0x630 (size before relaxing)
 .stab          0x00001350      0xde0 ./event_groups.o
                               0x111c (size before relaxing)
 .stab          0x00002130      0x30c ./heap_1.o
                                0x7bc (size before relaxing)
 .stab          0x0000243c      0x534 ./lcd.o
                                0x750 (size before relaxing)
 .stab          0x00002970      0x474 ./list.o
                                0x858 (size before relaxing)
 .stab          0x00002de4      0x1bc ./main.o
                                0x6cc (size before relaxing)
 .stab          0x00002fa0      0x840 ./port.o
                                0xce4 (size before relaxing)
 .stab          0x000037e0     0x1a58 ./queue.o
                               0x1f38 (size before relaxing)
 .stab          0x00005238     0x1608 ./stream_buffer.o
                               0x1a4c (size before relaxing)
 .stab          0x00006840     0x22f8 ./tasks.o
                               0x27d8 (size before relaxing)
 .stab          0x00008b38      0x1a4 ./timers.o
                                0x6b4 (size before relaxing)

.stabstr        0x00000000     0x4946
 *(.stabstr)
 .stabstr       0x00000000     0x4946 ./DIO.o

.stab.excl
 *(.stab.excl)

.stab.exclstr
 *(.stab.exclstr)

.stab.index
 *(.stab.index)

.stab.indexstr
 *(.stab.indexstr)

.comment
 *(.comment)

.debug
 *(.debug)

.line
 *(.line)

.debug_srcinfo
 *(.debug_srcinfo)

.debug_sfnames
 *(.debug_sfnames)

.debug_aranges
 *(.debug_aranges)

.debug_pubnames
 *(.debug_pubnames)

.debug_info
 *(.debug_info)
 *(.gnu.linkonce.wi.*)

.debug_abbrev
 *(.debug_abbrev)

.debug_line
 *(.debug_line)

.debug_frame
 *(.debug_frame)

.debug_str
 *(.debug_str)

.debug_loc
 *(.debug_loc)

.debug_macinfo
 *(.debug_macinfo)
OUTPUT(FreeRTOS_SprintsChallenges_Sprint2_UserStory1.elf elf32-avr)
LOAD linker stubs
